Microchip MPLAB XC8 Compiler V2.32

Linker command line:

-W-3 --edf=C:\Program Files\Microchip\xc8\v2.32\pic\dat\en_msgs.txt -cn \
  -h+dist/default/production\TestProject.X.production.sym \
  --cmf=dist/default/production\TestProject.X.production.cmf -z -Q18F26K83 \
  -oC:\Users\Melody\AppData\Local\Temp\xcAs2jm0.4 --defsym=__MPLAB_BUILD=1 \
  -Mdist/default/production/TestProject.X.production.map -E1 \
  -ver=XC8 Compiler --acfsm=1493 -ASTACK=060h-0FFFh -pstack=STACK \
  -ACODE=00h-0FFFFh -ACONST=00h-0FFFFh -ASMALLCONST=01000h-010FFhx240 \
  -AMEDIUMCONST=01000h-0FFFFh -ACOMRAM=01h-05Fh -AABS1=00h-0FFFh \
  -ABIGRAM=01h-0FFFh -ARAM=060h-0FFh,0100h-01FFhx15 -ABANK0=060h-0FFh \
  -ABANK1=0100h-01FFh -ABANK2=0200h-02FFh -ABANK3=0300h-03FFh \
  -ABANK4=0400h-04FFh -ABANK5=0500h-05FFh -ABANK6=0600h-06FFh \
  -ABANK7=0700h-07FFh -ABANK8=0800h-08FFh -ABANK9=0900h-09FFh \
  -ABANK10=0A00h-0AFFh -ABANK11=0B00h-0BFFh -ABANK12=0C00h-0CFFh \
  -ABANK13=0D00h-0DFFh -ABANK14=0E00h-0EFFh -ABANK15=0F00h-0FFFh \
  -ASFR=03700h-037FFhx8,03F00h-03F5Fh,03F60h-03FFFh \
  -ACONFIG=0300000h-0300009h -AIDLOC=0200000h-020000Fh \
  -AEEDATA=0310000h-03103FFh -peeprom_data=EEDATA -preset_vec=00h \
  -ppowerup=CODE,init -pramtop=01000h -psmallconst=SMALLCONST \
  -pmediumconst=MEDIUMCONST -pconst=CONST -AFARRAM=00h-00h \
  -prdata=COMRAM,nvrram=COMRAM,nvbit=COMRAM,rbss=COMRAM,rbit=COMRAM \
  -pfarbss=FARRAM,fardata=FARRAM,nvFARRAM=FARRAM \
  -pintsave_regs=BIGRAM,bigbss=BIGRAM,bigdata=BIGRAM -pbss=RAM \
  -pidata=CODE,irdata=CODE,ibigdata=CODE,ifardata=CODE -prparam=COMRAM \
  C:\Users\Melody\AppData\Local\Temp\xcAs2jm0.o \
  dist/default/production\TestProject.X.production.o 

Object code version is 3.11

Machine type is 18F26K83



                Name                               Link     Load   Length Selector   Space Scale
C:\Users\Melody\AppData\Local\Temp\xcAs2jm0.o
                idloc                            200000   200000       10        0       5
                config                           300000   300000        A        0       4
                init                               FFFC     FFFC        4     7FFE       0
                reset_vec                             0        0        4        0       0
dist/default/production\TestProject.X.production.o
                idloc                            200000   200000       10        0       5
                config                           300000   300000        A        0       4
                text9                              FEC0     FEC0       18     7F60       0
                text8                              FF3E     FF3E       56     7F9F       0
                text7                              FEF2     FEF2       24     7F79       0
                text6                              FE84     FE84        A     7F42       0
                text5                              FE8E     FE8E        A     7F47       0
                text4                              FE98     FE98        A     7F4C       0
                text3                              FF94     FF94       68     7FCA       0
                text2                              FEAE     FEAE       12     7F57       0
                text1                              FED8     FED8       1A     7F6C       0
                text0                              FF16     FF16       28     7F8B       0
                cstackCOMRAM                          7        7        3        1       1
                bssCOMRAM                             A        A        1        1       1
                cinit                              FEA2     FEA2        C     7F51       0
                nvCOMRAM                              1        1        6        1       1

TOTAL           Name                               Link     Load   Length     Space
        CLASS   STACK          

        CLASS   CODE           
                init                               FFFC     FFFC        4         0
                reset_vec                             0        0        4         0
                text9                              FEC0     FEC0       18         0
                text8                              FF3E     FF3E       56         0
                text7                              FEF2     FEF2       24         0
                text6                              FE84     FE84        A         0
                text5                              FE8E     FE8E        A         0
                text4                              FE98     FE98        A         0
                text3                              FF94     FF94       68         0
                text2                              FEAE     FEAE       12         0
                text1                              FED8     FED8       1A         0
                text0                              FF16     FF16       28         0
                cinit                              FEA2     FEA2        C         0

        CLASS   CONST          

        CLASS   SMALLCONST     

        CLASS   MEDIUMCONST    

        CLASS   COMRAM         
                cstackCOMRAM                          7        7        3         1
                bssCOMRAM                             A        A        1         1
                nvCOMRAM                              1        1        6         1

        CLASS   ABS1           

        CLASS   BIGRAM         

        CLASS   RAM            

        CLASS   BANK0          

        CLASS   BANK1          

        CLASS   BANK2          

        CLASS   BANK3          

        CLASS   BANK4          

        CLASS   BANK5          

        CLASS   BANK6          

        CLASS   BANK7          

        CLASS   BANK8          

        CLASS   BANK9          

        CLASS   BANK10         

        CLASS   BANK11         

        CLASS   BANK12         

        CLASS   BANK13         

        CLASS   BANK14         

        CLASS   BANK15         

        CLASS   SFR            

        CLASS   CONFIG         
                config                           300000   300000        A         4

        CLASS   IDLOC          
                idloc                            200000   200000       10         5

        CLASS   EEDATA         

        CLASS   FARRAM         



SEGMENTS        Name                           Load    Length   Top    Selector   Space  Class

                reset_vec                      000000  000004  000004         0       0  CODE    
                nvCOMRAM                       000001  00000A  00000B         1       1  COMRAM  
                text6                          00FE84  00000A  00FE8E      7F42       0  CODE    
                text5                          00FE8E  00000A  00FE98      7F47       0  CODE    
                text4                          00FE98  00000A  00FEA2      7F4C       0  CODE    
                cinit                          00FEA2  00000C  00FEAE      7F51       0  CODE    
                text2                          00FEAE  000012  00FEC0      7F57       0  CODE    
                text9                          00FEC0  000018  00FED8      7F60       0  CODE    
                text1                          00FED8  00001A  00FEF2      7F6C       0  CODE    
                text7                          00FEF2  000024  00FF16      7F79       0  CODE    
                text0                          00FF16  000028  00FF3E      7F8B       0  CODE    
                text8                          00FF3E  000056  00FF94      7F9F       0  CODE    
                text3                          00FF94  000068  00FFFC      7FCA       0  CODE    
                init                           00FFFC  000004  010000      7FFE       0  CODE    


UNUSED ADDRESS RANGES

        Name                Unused          Largest block    Delta
        BANK0            000060-0000FF               A0
        BANK1            000100-0001FF              100
        BANK10           000A00-000AFF              100
        BANK11           000B00-000BFF              100
        BANK12           000C00-000CFF              100
        BANK13           000D00-000DFF              100
        BANK14           000E00-000EFF              100
        BANK15           000F00-000FFF              100
        BANK2            000200-0002FF              100
        BANK3            000300-0003FF              100
        BANK4            000400-0004FF              100
        BANK5            000500-0005FF              100
        BANK6            000600-0006FF              100
        BANK7            000700-0007FF              100
        BANK8            000800-0008FF              100
        BANK9            000900-0009FF              100
        BIGRAM           00000B-000FFF              FF5
        CODE             000004-00FE83             FE80
        COMRAM           00000B-00005F               55
        CONST            000004-00FE83             FE80
        EEDATA           310000-3103FF              400
        MEDIUMCONST      001000-00FE83             EE84
        RAM              000060-000FFF              100
        SFR              003700-003FFF              100
        SMALLCONST       001000-00FE83              100
        STACK            000060-000FFF              FA0

                                  Symbol Table

UART1_SetErrorHandler@interruptHandler        cstackCOMRAM 000007
UART1_SetFramingErrorHandler@interruptHandler cstackCOMRAM 000007
UART1_SetOverrunErrorHandler@interruptHandler cstackCOMRAM 000007
UART1_Write@txData                            cstackCOMRAM 000007
_ANSELA                                       (abs)        003A40
_ANSELB                                       (abs)        003A50
_ANSELC                                       (abs)        003A60
_INLVLA                                       (abs)        003A44
_INLVLB                                       (abs)        003A54
_INLVLC                                       (abs)        003A64
_INLVLE                                       (abs)        003A84
_LATA                                         (abs)        003FBA
_LATB                                         (abs)        003FBB
_LATC                                         (abs)        003FBC
_ODCONA                                       (abs)        003A42
_ODCONB                                       (abs)        003A52
_ODCONC                                       (abs)        003A62
_OSCCON1                                      (abs)        0039D9
_OSCCON3                                      (abs)        0039DB
_OSCEN                                        (abs)        0039DD
_OSCFRQ                                       (abs)        0039DF
_OSCILLATOR_Initialize                        text9        00FEC0
_OSCTUNE                                      (abs)        0039DE
_PIN_MANAGER_Initialize                       text8        00FF3E
_PIR3bits                                     (abs)        0039A3
_PMD0                                         (abs)        0039C0
_PMD1                                         (abs)        0039C1
_PMD2                                         (abs)        0039C2
_PMD3                                         (abs)        0039C3
_PMD4                                         (abs)        0039C4
_PMD5                                         (abs)        0039C5
_PMD6                                         (abs)        0039C6
_PMD7                                         (abs)        0039C7
_PMD_Initialize                               text7        00FEF2
_RC6PPS                                       (abs)        003A16
_SLRCONA                                      (abs)        003A43
_SLRCONB                                      (abs)        003A53
_SLRCONC                                      (abs)        003A63
_SYSTEM_Initialize                            text2        00FEAE
_TRISA                                        (abs)        003FC2
_TRISB                                        (abs)        003FC3
_TRISC                                        (abs)        003FC4
_U1BRGH                                       (abs)        003DF6
_U1BRGL                                       (abs)        003DF5
_U1CON0                                       (abs)        003DF2
_U1CON0bits                                   (abs)        003DF2
_U1CON1                                       (abs)        003DF3
_U1CON2                                       (abs)        003DF4
_U1ERRIE                                      (abs)        003DFA
_U1ERRIR                                      (abs)        003DF9
_U1ERRIRbits                                  (abs)        003DF9
_U1FIFO                                       (abs)        003DF7
_U1P1H                                        (abs)        003DED
_U1P1L                                        (abs)        003DEC
_U1P2H                                        (abs)        003DEF
_U1P2L                                        (abs)        003DEE
_U1P3H                                        (abs)        003DF1
_U1P3L                                        (abs)        003DF0
_U1RXB                                        (abs)        003DE8
_U1RXPPS                                      (abs)        003AE7
_U1TXB                                        (abs)        003DEA
_U1UIR                                        (abs)        003DF8
_UART1_DefaultErrorHandler                    (abs)        000000
_UART1_DefaultFramingErrorHandler             (abs)        000000
_UART1_DefaultOverrunErrorHandler             (abs)        000000
_UART1_ErrorHandler                           nvCOMRAM     000001
_UART1_FramingErrorHandler                    nvCOMRAM     000005
_UART1_Initialize                             text3        00FF94
_UART1_OverrunErrorHandler                    nvCOMRAM     000003
_UART1_SetErrorHandler                        text6        00FE84
_UART1_SetFramingErrorHandler                 text5        00FE8E
_UART1_SetOverrunErrorHandler                 text4        00FE98
_UART1_Write                                  text1        00FED8
_WPUA                                         (abs)        003A41
_WPUB                                         (abs)        003A51
_WPUC                                         (abs)        003A61
_WPUE                                         (abs)        003A81
__HRAM                                        (abs)        000000
__Habs1                                       abs1         000000
__Hbank0                                      bank0        000000
__Hbank1                                      bank1        000000
__Hbank10                                     bank10       000000
__Hbank11                                     bank11       000000
__Hbank12                                     bank12       000000
__Hbank13                                     bank13       000000
__Hbank14                                     bank14       000000
__Hbank15                                     bank15       000000
__Hbank2                                      bank2        000000
__Hbank3                                      bank3        000000
__Hbank4                                      bank4        000000
__Hbank5                                      bank5        000000
__Hbank6                                      bank6        000000
__Hbank7                                      bank7        000000
__Hbank8                                      bank8        000000
__Hbank9                                      bank9        000000
__Hbigbss                                     bigbss       000000
__Hbigdata                                    bigdata      000000
__Hbigram                                     bigram       000000
__Hbss                                        bss          000000
__HbssCOMRAM                                  bssCOMRAM    000000
__Hcinit                                      cinit        000000
__Hclrtext                                    clrtext      000000
__Hcomram                                     comram       000000
__Hconfig                                     config       30000A
__Hconst                                      const        000000
__HcstackCOMRAM                               cstackCOMRAM 000000
__Hdata                                       data         000000
__Heeprom_data                                eeprom_data  000000
__Hfarbss                                     farbss       000000
__Hfardata                                    fardata      000000
__Hibigdata                                   ibigdata     000000
__Hidata                                      idata        000000
__Hidloc                                      idloc        200010
__Hifardata                                   ifardata     000000
__Hinit                                       init         010000
__Hintsave_regs                               intsave_regs 000000
__Hirdata                                     irdata       000000
__Hmediumconst                                mediumconst  000000
__HnvCOMRAM                                   nvCOMRAM     000000
__HnvFARRAM                                   nvFARRAM     000000
__Hnvbit                                      nvbit        000000
__Hnvrram                                     nvrram       000000
__Hparam                                      rparam       000000
__Hpowerup                                    powerup      000000
__Hram                                        ram          000000
__Hramtop                                     ramtop       001000
__Hrbit                                       rbit         000000
__Hrbss                                       rbss         000000
__Hrdata                                      rdata        000000
__Hreset_vec                                  reset_vec    000004
__Hrparam                                     rparam       000000
__Hsfr                                        sfr          000000
__Hsmallconst                                 smallconst   000000
__Hspace_0                                    (abs)        010000
__Hspace_1                                    (abs)        00000B
__Hspace_2                                    (abs)        000000
__Hspace_4                                    (abs)        60000A
__Hstack                                      stack        000000
__Hstruct                                     struct       000000
__Htemp                                       temp         000000
__Htext                                       text         000000
__Htext0                                      text0        000000
__Htext1                                      text1        000000
__Htext2                                      text2        000000
__Htext3                                      text3        000000
__Htext4                                      text4        000000
__Htext5                                      text5        000000
__Htext6                                      text6        000000
__Htext7                                      text7        000000
__Htext8                                      text8        000000
__Htext9                                      text9        000000
__LRAM                                        (abs)        000001
__Labs1                                       abs1         000000
__Lbank0                                      bank0        000000
__Lbank1                                      bank1        000000
__Lbank10                                     bank10       000000
__Lbank11                                     bank11       000000
__Lbank12                                     bank12       000000
__Lbank13                                     bank13       000000
__Lbank14                                     bank14       000000
__Lbank15                                     bank15       000000
__Lbank2                                      bank2        000000
__Lbank3                                      bank3        000000
__Lbank4                                      bank4        000000
__Lbank5                                      bank5        000000
__Lbank6                                      bank6        000000
__Lbank7                                      bank7        000000
__Lbank8                                      bank8        000000
__Lbank9                                      bank9        000000
__Lbigbss                                     bigbss       000000
__Lbigdata                                    bigdata      000000
__Lbigram                                     bigram       000000
__Lbss                                        bss          000000
__LbssCOMRAM                                  bssCOMRAM    000000
__Lcinit                                      cinit        000000
__Lclrtext                                    clrtext      000000
__Lcomram                                     comram       000000
__Lconfig                                     config       000000
__Lconst                                      const        000000
__LcstackCOMRAM                               cstackCOMRAM 000000
__Ldata                                       data         000000
__Leeprom_data                                eeprom_data  000000
__Lfarbss                                     farbss       000000
__Lfardata                                    fardata      000000
__Libigdata                                   ibigdata     000000
__Lidata                                      idata        000000
__Lidloc                                      idloc        000000
__Lifardata                                   ifardata     000000
__Linit                                       init         00FFFC
__Lintsave_regs                               intsave_regs 000000
__Lirdata                                     irdata       000000
__Lmediumconst                                mediumconst  000000
__LnvCOMRAM                                   nvCOMRAM     000000
__LnvFARRAM                                   nvFARRAM     000000
__Lnvbit                                      nvbit        000000
__Lnvrram                                     nvrram       000000
__Lparam                                      rparam       000000
__Lpowerup                                    powerup      000000
__Lram                                        ram          000000
__Lramtop                                     ramtop       001000
__Lrbit                                       rbit         000000
__Lrbss                                       rbss         000000
__Lrdata                                      rdata        000000
__Lreset_vec                                  reset_vec    000000
__Lrparam                                     rparam       000000
__Lsfr                                        sfr          000000
__Lsmallconst                                 smallconst   000000
__Lspace_0                                    (abs)        000000
__Lspace_1                                    (abs)        000000
__Lspace_2                                    (abs)        000000
__Lspace_4                                    (abs)        000000
__Lstack                                      stack        000000
__Lstruct                                     struct       000000
__Ltemp                                       temp         000000
__Ltext                                       text         000000
__Ltext0                                      text0        000000
__Ltext1                                      text1        000000
__Ltext2                                      text2        000000
__Ltext3                                      text3        000000
__Ltext4                                      text4        000000
__Ltext5                                      text5        000000
__Ltext6                                      text6        000000
__Ltext7                                      text7        000000
__Ltext8                                      text8        000000
__Ltext9                                      text9        000000
__S0                                          (abs)        010000
__S1                                          (abs)        00000B
__S2                                          (abs)        000000
__S4                                          (abs)        000000
__S5                                          (abs)        000000
___inthi_sp                                   stack        000000
___intlo_sp                                   stack        000000
___param_bank                                 (abs)        000000
___rparam_used                                (abs)        000001
___sp                                         stack        000000
__accesstop                                   (abs)        000060
__activetblptr                                (abs)        000002
__end_of_OSCILLATOR_Initialize                text9        00FED8
__end_of_PIN_MANAGER_Initialize               text8        00FF94
__end_of_PMD_Initialize                       text7        00FF16
__end_of_SYSTEM_Initialize                    text2        00FEC0
__end_of_UART1_Initialize                     text3        00FFFC
__end_of_UART1_SetErrorHandler                text6        00FE8E
__end_of_UART1_SetFramingErrorHandler         text5        00FE98
__end_of_UART1_SetOverrunErrorHandler         text4        00FEA2
__end_of_UART1_Write                          text1        00FEF2
__end_of__initialization                      cinit        00FEA4
__end_of_main                                 text0        00FF3E
__initialization                              cinit        00FEA2
__mediumconst                                 mediumconst  000000
__pbssCOMRAM                                  bssCOMRAM    00000A
__pcinit                                      cinit        00FEA2
__pcstackCOMRAM                               cstackCOMRAM 000007
__pnvCOMRAM                                   nvCOMRAM     000001
__ptext0                                      text0        00FF16
__ptext1                                      text1        00FED8
__ptext2                                      text2        00FEAE
__ptext3                                      text3        00FF94
__ptext4                                      text4        00FE98
__ptext5                                      text5        00FE8E
__ptext6                                      text6        00FE84
__ptext7                                      text7        00FEF2
__ptext8                                      text8        00FF3E
__ptext9                                      text9        00FEC0
__ramtop                                      ramtop       001000
__size_of_OSCILLATOR_Initialize               (abs)        000000
__size_of_PIN_MANAGER_Initialize              (abs)        000000
__size_of_PMD_Initialize                      (abs)        000000
__size_of_SYSTEM_Initialize                   (abs)        000000
__size_of_UART1_Initialize                    (abs)        000000
__size_of_UART1_SetErrorHandler               (abs)        000000
__size_of_UART1_SetFramingErrorHandler        (abs)        000000
__size_of_UART1_SetOverrunErrorHandler        (abs)        000000
__size_of_UART1_Write                         (abs)        000000
__size_of_main                                (abs)        000000
__smallconst                                  smallconst   000000
_main                                         text0        00FF16
_uart1RxLastError                             bssCOMRAM    00000A
end_of_initialization                         cinit        00FEA4
intlevel0                                     text         000000
intlevel1                                     text         000000
intlevel2                                     text         000000
intlevel3                                     text         000000
isa$std                                       (abs)        000001
isa$xinst                                     (abs)        000000
stackhi                                       (abs)        000FFF
stacklo                                       (abs)        000060
start                                         init         00FFFC
start_initialization                          cinit        00FEA2


MODULE INFORMATION

Module		Function		Class		Link	Load	Size
mcc_generated_files/pin_manager.c
		_PIN_MANAGER_Initialize		CODE           	FF3E	0000	86

mcc_generated_files/pin_manager.c estimated size: 86

mcc_generated_files/uart1.c
		_UART1_Write   		CODE           	FED8	0000	26
		_UART1_SetFramingErrorHandler		CODE           	FE8E	0000	10
		_UART1_SetOverrunErrorHandler		CODE           	FE98	0000	10
		_UART1_Initialize		CODE           	FF94	0000	104
		_UART1_SetErrorHandler		CODE           	FE84	0000	10

mcc_generated_files/uart1.c estimated size: 160

shared
		__initialization		CODE           	FEA2	0000	2

shared estimated size: 2

mcc_generated_files/mcc.c
		_PMD_Initialize		CODE           	FEF2	0000	36
		_OSCILLATOR_Initialize		CODE           	FEC0	0000	24
		_SYSTEM_Initialize		CODE           	FEAE	0000	18

mcc_generated_files/mcc.c estimated size: 78

main.c
		_main          		CODE           	FF16	0000	40

main.c estimated size: 40

