Microchip MPLAB XC8 Compiler V2.32

Linker command line:

-W-3 --edf=C:\Program Files\Microchip\xc8\v2.32\pic\dat\en_msgs.txt -cn \
  -h+dist/default/production\TestProject.X.production.sym \
  --cmf=dist/default/production\TestProject.X.production.cmf -z -Q18F26K83 \
  -oC:\Users\Melody\AppData\Local\Temp\xcAsh4s.4 --defsym=__MPLAB_BUILD=1 \
  -Mdist/default/production/TestProject.X.production.map -E1 \
  -ver=XC8 Compiler --acfsm=1493 -ASTACK=07Ch-0E1Fh -pstack=STACK \
  -ACODE=00h-0FFFFh -ACONST=00h-0FFFFh -ASMALLCONST=01000h-010FFhx240 \
  -AMEDIUMCONST=01000h-0FFFFh -ACOMRAM=01h-05Fh -AABS1=00h-0FFFh \
  -ABIGRAM=01h-0FFFh -ARAM=060h-0FFh,0100h-01FFhx15 -ABANK0=060h-0FFh \
  -ABANK1=0100h-01FFh -ABANK2=0200h-02FFh -ABANK3=0300h-03FFh \
  -ABANK4=0400h-04FFh -ABANK5=0500h-05FFh -ABANK6=0600h-06FFh \
  -ABANK7=0700h-07FFh -ABANK8=0800h-08FFh -ABANK9=0900h-09FFh \
  -ABANK10=0A00h-0AFFh -ABANK11=0B00h-0BFFh -ABANK12=0C00h-0CFFh \
  -ABANK13=0D00h-0DFFh -ABANK14=0E00h-0EFFh -ABANK15=0F00h-0FFFh \
  -ASFR=03700h-037FFhx8,03F00h-03F5Fh,03F60h-03FFFh \
  -ACONFIG=0300000h-0300009h -AIDLOC=0200000h-020000Fh \
  -AEEDATA=0310000h-03103FFh -peeprom_data=EEDATA -preset_vec=00h \
  -ppowerup=CODE,init -pramtop=01000h -psmallconst=SMALLCONST \
  -pmediumconst=MEDIUMCONST -pconst=CONST -AFARRAM=00h-00h \
  -prdata=COMRAM,nvrram=COMRAM,nvbit=COMRAM,rbss=COMRAM,rbit=COMRAM \
  -pfarbss=FARRAM,fardata=FARRAM,nvFARRAM=FARRAM \
  -pintsave_regs=BIGRAM,bigbss=BIGRAM,bigdata=BIGRAM -pbss=RAM \
  -pidata=CODE,irdata=CODE,ibigdata=CODE,ifardata=CODE -prparam=COMRAM \
  C:\Users\Melody\AppData\Local\Temp\xcAsh4s.o \
  dist/default/production\TestProject.X.production.o 

Object code version is 3.11

Machine type is 18F26K83



                Name                               Link     Load   Length Selector   Space Scale
C:\Users\Melody\AppData\Local\Temp\xcAsh4s.o
                idloc                            200000   200000       10        0       5
                config                           300000   300000        A        0       4
                init                               FFFC     FFFC        4     7FFE       0
                reset_vec                             0        0        4        0       0
dist/default/production\TestProject.X.production.o
                idloc                            200000   200000       10        0       5
                config                           300000   300000        A        0       4
                smallconst                         1000     1000       DC      800       0
                text25                             2506     2506       14      86E       0
                text24                             24F2     24F2       14      86E       0
                text23                             24DA     24DA       18      86E       0
                text22                             2404     2404       58      86E       0
                text21                             249C     249C       24      86E       0
                text20                             2540     2540        A      86E       0
                text19                             2536     2536        A      86E       0
                text18                             252C     252C        A      86E       0
                text17                             22DA     22DA       68      86E       0
                text16                             251A     251A       12      86E       0
                text15                             2172     2172       C4      86E       0
                text14                             188A     188A      44E      86E       0
                text13                             206C     206C      106      86E       0
                text12                             2236     2236       A4      86E       0
                text11                             1EB8     1EB8      1B4      86E       0
                text10                             2568     2568        4      86E       0
                text9                              2564     2564        4      86E       0
                text8                              2560     2560        4      86E       0
                text7                              255C     255C        4      86E       0
                text6                              2558     2558        4      86E       0
                text5                              2554     2554        4      86E       0
                text4                              2550     2550        4      86E       0
                text3                              24C0     24C0       1A      86E       0
                text2                              245C     245C       40      86E       0
                text1                              23A8     23A8       5C      86E       0
                text0                              10DC     10DC      7AE      86E       0
                cstackCOMRAM                          1        1       47        1       1
                dataBIGRAM                          E20      E20      1E0      E20       1
                dataBANK0                            76       76        6       60       1
                bssBANK0                             60       60       10       60       1
                bssCOMRAM                            48       48       18        1       1
                cinit                              2342     2342       66      86E       0
                nvBANK0                              70       70        6       60       1
                idataBANK0                         254A     254A        6      86E       0
                idataBIGRAM                        1CD8     1CD8      1E0      86E       0

TOTAL           Name                               Link     Load   Length     Space
        CLASS   STACK          

        CLASS   CODE           
                init                               FFFC     FFFC        4         0
                reset_vec                             0        0        4         0
                text25                             2506     2506       14         0
                text24                             24F2     24F2       14         0
                text23                             24DA     24DA       18         0
                text22                             2404     2404       58         0
                text21                             249C     249C       24         0
                text20                             2540     2540        A         0
                text19                             2536     2536        A         0
                text18                             252C     252C        A         0
                text17                             22DA     22DA       68         0
                text16                             251A     251A       12         0
                text15                             2172     2172       C4         0
                text14                             188A     188A      44E         0
                text13                             206C     206C      106         0
                text12                             2236     2236       A4         0
                text11                             1EB8     1EB8      1B4         0
                text10                             2568     2568        4         0
                text9                              2564     2564        4         0
                text8                              2560     2560        4         0
                text7                              255C     255C        4         0
                text6                              2558     2558        4         0
                text5                              2554     2554        4         0
                text4                              2550     2550        4         0
                text3                              24C0     24C0       1A         0
                text2                              245C     245C       40         0
                text1                              23A8     23A8       5C         0
                text0                              10DC     10DC      7AE         0
                cinit                              2342     2342       66         0
                idataBANK0                         254A     254A        6         0
                idataBIGRAM                        1CD8     1CD8      1E0         0

        CLASS   CONST          

        CLASS   SMALLCONST     
                smallconst                         1000     1000       DC         0

        CLASS   MEDIUMCONST    

        CLASS   COMRAM         
                cstackCOMRAM                          1        1       47         1
                bssCOMRAM                            48       48       18         1

        CLASS   ABS1           

        CLASS   BIGRAM         
                dataBIGRAM                          E20      E20      1E0         1

        CLASS   RAM            

        CLASS   BANK0          
                dataBANK0                            76       76        6         1
                bssBANK0                             60       60       10         1
                nvBANK0                              70       70        6         1

        CLASS   BANK1          

        CLASS   BANK2          

        CLASS   BANK3          

        CLASS   BANK4          

        CLASS   BANK5          

        CLASS   BANK6          

        CLASS   BANK7          

        CLASS   BANK8          

        CLASS   BANK9          

        CLASS   BANK10         

        CLASS   BANK11         

        CLASS   BANK12         

        CLASS   BANK13         

        CLASS   BANK14         

        CLASS   BANK15         

        CLASS   SFR            

        CLASS   CONFIG         
                config                           300000   300000        A         4

        CLASS   IDLOC          
                idloc                            200000   200000       10         5

        CLASS   EEDATA         

        CLASS   FARRAM         



SEGMENTS        Name                           Load    Length   Top    Selector   Space  Class

                reset_vec                      000000  000004  000004         0       0  CODE    
                cstackCOMRAM                   000001  00005F  000060         1       1  COMRAM  
                bssBANK0                       000060  00001C  00007C        60       1  BANK0   
                dataBIGRAM                     000E20  0001E0  001000       E20       1  BIGRAM  
                smallconst                     001000  0000DC  0010DC       800       0  SMALLCON
                text0                          0010DC  001490  00256C       86E       0  CODE    
                init                           00FFFC  000004  010000      7FFE       0  CODE    


UNUSED ADDRESS RANGES

        Name                Unused          Largest block    Delta
        BANK0            00007C-0000FF               84
        BANK1            000100-0001FF              100
        BANK10           000A00-000AFF              100
        BANK11           000B00-000BFF              100
        BANK12           000C00-000CFF              100
        BANK13           000D00-000DFF              100
        BANK14           000E00-000E1F               20
        BANK2            000200-0002FF              100
        BANK3            000300-0003FF              100
        BANK4            000400-0004FF              100
        BANK5            000500-0005FF              100
        BANK6            000600-0006FF              100
        BANK7            000700-0007FF              100
        BANK8            000800-0008FF              100
        BANK9            000900-0009FF              100
        BIGRAM           00007C-000E1F              DA4
        CODE             000004-000FFF              FFC
                         00256C-00FFFB             DA90
        CONST            000004-000FFF              FFC
                         00256C-00FFFB             DA90
        EEDATA           310000-3103FF              400
        MEDIUMCONST      00256C-00FFFB             DA90
        RAM              00007C-000E1F              100
        SFR              003700-003FFF              100
        SMALLCONST       00256C-00FFFB              100
        STACK            00007C-000E1F              DA4

                                  Symbol Table

?___awdiv                                     cstackCOMRAM 00000E
?___flmul                                     cstackCOMRAM 00000F
?___fltol                                     cstackCOMRAM 000028
?___lldiv                                     cstackCOMRAM 000001
?___xxtofl                                    cstackCOMRAM 000001
?_strlen                                      cstackCOMRAM 000001
UART1_SetErrorHandler@interruptHandler        cstackCOMRAM 000001
UART1_SetFramingErrorHandler@interruptHandler cstackCOMRAM 000001
UART1_SetOverrunErrorHandler@interruptHandler cstackCOMRAM 000001
UART1_Write@txData                            cstackCOMRAM 000001
_ABS_MOTOR_RPM                                bssCOMRAM    00005D
_ACK_RX                                       bssCOMRAM    00005B
_ANSELA                                       (abs)        003A40
_ANSELB                                       (abs)        003A50
_ANSELC                                       (abs)        003A60
_CAPACITOR_VOLT                               bssCOMRAM    00005C
_CURRENT                                      bssBANK0     000064
_CURTIS_HEART_BEAT_CHECK                      bssCOMRAM    00005E
_DriveSwitch                                  bssCOMRAM    000055
_Drive_Read                                   text25       002506
_ERROR_IDX                                    bssBANK0     00006C
_ERROR_NODE                                   bssBANK0     00006E
_ERROR_TOLERANCE                              bssCOMRAM    00005F
_HVSwitch                                     bssCOMRAM    000056
_HV_Read                                      text24       0024F2
_INLVLA                                       (abs)        003A44
_INLVLB                                       (abs)        003A54
_INLVLC                                       (abs)        003A64
_INLVLE                                       (abs)        003A84
_LATA                                         (abs)        003FBA
_LATB                                         (abs)        003FBB
_LATC                                         (abs)        003FBC
_ODCONA                                       (abs)        003A42
_ODCONB                                       (abs)        003A52
_ODCONC                                       (abs)        003A62
_OSCCON1                                      (abs)        0039D9
_OSCCON3                                      (abs)        0039DB
_OSCEN                                        (abs)        0039DD
_OSCFRQ                                       (abs)        0039DF
_OSCILLATOR_Initialize                        text23       0024DA
_OSCTUNE                                      (abs)        0039DE
_PACK_TEMP                                    bssCOMRAM    000058
_PIN_MANAGER_Initialize                       text22       002404
_PIR3bits                                     (abs)        0039A3
_PMD0                                         (abs)        0039C0
_PMD1                                         (abs)        0039C1
_PMD2                                         (abs)        0039C2
_PMD3                                         (abs)        0039C3
_PMD4                                         (abs)        0039C4
_PMD5                                         (abs)        0039C5
_PMD6                                         (abs)        0039C6
_PMD7                                         (abs)        0039C7
_PMD_Initialize                               text21       00249C
_PORTBbits                                    (abs)        003FCB
_RC6PPS                                       (abs)        003A16
_SLRCONA                                      (abs)        003A43
_SLRCONB                                      (abs)        003A53
_SLRCONC                                      (abs)        003A63
_SOC_LUT                                      dataBIGRAM   000E20
_SYSTEM_Initialize                            text16       00251A
_THROTTLE_HIGH                                bssCOMRAM    00005A
_THROTTLE_LOW                                 bssCOMRAM    000059
_THROTTLE_MAP                                 smallconst   001001
_THROTTLE_MULTIPLIER                          dataBANK0    000076
_TRISA                                        (abs)        003FC2
_TRISB                                        (abs)        003FC3
_TRISC                                        (abs)        003FC4
_U1BRGH                                       (abs)        003DF6
_U1BRGL                                       (abs)        003DF5
_U1CON0                                       (abs)        003DF2
_U1CON0bits                                   (abs)        003DF2
_U1CON1                                       (abs)        003DF3
_U1CON2                                       (abs)        003DF4
_U1ERRIE                                      (abs)        003DFA
_U1ERRIR                                      (abs)        003DF9
_U1ERRIRbits                                  (abs)        003DF9
_U1FIFO                                       (abs)        003DF7
_U1P1H                                        (abs)        003DED
_U1P1L                                        (abs)        003DEC
_U1P2H                                        (abs)        003DEF
_U1P2L                                        (abs)        003DEE
_U1P3H                                        (abs)        003DF1
_U1P3L                                        (abs)        003DF0
_U1RXB                                        (abs)        003DE8
_U1RXPPS                                      (abs)        003AE7
_U1TXB                                        (abs)        003DEA
_U1UIR                                        (abs)        003DF8
_UART1_DefaultErrorHandler                    (abs)        000000
_UART1_DefaultFramingErrorHandler             (abs)        000000
_UART1_DefaultOverrunErrorHandler             (abs)        000000
_UART1_ErrorHandler                           nvBANK0      000070
_UART1_FramingErrorHandler                    nvBANK0      000074
_UART1_Initialize                             text17       0022DA
_UART1_OverrunErrorHandler                    nvBANK0      000072
_UART1_SetErrorHandler                        text20       002540
_UART1_SetFramingErrorHandler                 text19       002536
_UART1_SetOverrunErrorHandler                 text18       00252C
_UART1_Write                                  text3        0024C0
_WPUA                                         (abs)        003A41
_WPUB                                         (abs)        003A51
_WPUC                                         (abs)        003A61
_WPUE                                         (abs)        003A81
__HRAM                                        (abs)        000000
__Habs1                                       abs1         000000
__Hbank0                                      bank0        000000
__Hbank1                                      bank1        000000
__Hbank10                                     bank10       000000
__Hbank11                                     bank11       000000
__Hbank12                                     bank12       000000
__Hbank13                                     bank13       000000
__Hbank14                                     bank14       000000
__Hbank15                                     bank15       000000
__Hbank2                                      bank2        000000
__Hbank3                                      bank3        000000
__Hbank4                                      bank4        000000
__Hbank5                                      bank5        000000
__Hbank6                                      bank6        000000
__Hbank7                                      bank7        000000
__Hbank8                                      bank8        000000
__Hbank9                                      bank9        000000
__Hbigbss                                     bigbss       000000
__Hbigdata                                    bigdata      000000
__Hbigram                                     bigram       000000
__Hbss                                        bss          000000
__HbssBANK0                                   bssBANK0     000000
__HbssCOMRAM                                  bssCOMRAM    000000
__Hcinit                                      cinit        000000
__Hclrtext                                    clrtext      000000
__Hcomram                                     comram       000000
__Hconfig                                     config       30000A
__Hconst                                      const        000000
__HcstackCOMRAM                               cstackCOMRAM 000000
__Hdata                                       data         000000
__HdataBANK0                                  dataBANK0    000000
__HdataBIGRAM                                 dataBIGRAM   000000
__Heeprom_data                                eeprom_data  000000
__Hfarbss                                     farbss       000000
__Hfardata                                    fardata      000000
__Hibigdata                                   ibigdata     000000
__Hidata                                      idata        000000
__HidataBANK0                                 idataBANK0   000000
__HidataBIGRAM                                idataBIGRAM  000000
__Hidloc                                      idloc        200010
__Hifardata                                   ifardata     000000
__Hinit                                       init         010000
__Hintsave_regs                               intsave_regs 000000
__Hirdata                                     irdata       000000
__Hmediumconst                                mediumconst  000000
__HnvBANK0                                    nvBANK0      000000
__HnvFARRAM                                   nvFARRAM     000000
__Hnvbit                                      nvbit        000000
__Hnvrram                                     nvrram       000000
__Hparam                                      rparam       000000
__Hpowerup                                    powerup      000000
__Hram                                        ram          000000
__Hramtop                                     ramtop       001000
__Hrbit                                       rbit         000000
__Hrbss                                       rbss         000000
__Hrdata                                      rdata        000000
__Hreset_vec                                  reset_vec    000004
__Hrparam                                     rparam       000000
__Hsfr                                        sfr          000000
__Hsmallconst                                 smallconst   0010DC
__Hspace_0                                    (abs)        010000
__Hspace_1                                    (abs)        001000
__Hspace_2                                    (abs)        000000
__Hspace_4                                    (abs)        60000A
__Hstack                                      stack        000000
__Hstruct                                     struct       000000
__Htemp                                       temp         000000
__Htext                                       text         000000
__Htext0                                      text0        000000
__Htext1                                      text1        000000
__Htext10                                     text10       000000
__Htext11                                     text11       000000
__Htext12                                     text12       000000
__Htext13                                     text13       000000
__Htext14                                     text14       000000
__Htext15                                     text15       000000
__Htext16                                     text16       000000
__Htext17                                     text17       000000
__Htext18                                     text18       000000
__Htext19                                     text19       000000
__Htext2                                      text2        000000
__Htext20                                     text20       000000
__Htext21                                     text21       000000
__Htext22                                     text22       000000
__Htext23                                     text23       000000
__Htext24                                     text24       000000
__Htext25                                     text25       000000
__Htext3                                      text3        000000
__Htext4                                      text4        000000
__Htext5                                      text5        000000
__Htext6                                      text6        000000
__Htext7                                      text7        000000
__Htext8                                      text8        000000
__Htext9                                      text9        000000
__LRAM                                        (abs)        000001
__Labs1                                       abs1         000000
__Lbank0                                      bank0        000000
__Lbank1                                      bank1        000000
__Lbank10                                     bank10       000000
__Lbank11                                     bank11       000000
__Lbank12                                     bank12       000000
__Lbank13                                     bank13       000000
__Lbank14                                     bank14       000000
__Lbank15                                     bank15       000000
__Lbank2                                      bank2        000000
__Lbank3                                      bank3        000000
__Lbank4                                      bank4        000000
__Lbank5                                      bank5        000000
__Lbank6                                      bank6        000000
__Lbank7                                      bank7        000000
__Lbank8                                      bank8        000000
__Lbank9                                      bank9        000000
__Lbigbss                                     bigbss       000000
__Lbigdata                                    bigdata      000000
__Lbigram                                     bigram       000000
__Lbss                                        bss          000000
__LbssBANK0                                   bssBANK0     000000
__LbssCOMRAM                                  bssCOMRAM    000000
__Lcinit                                      cinit        000000
__Lclrtext                                    clrtext      000000
__Lcomram                                     comram       000000
__Lconfig                                     config       000000
__Lconst                                      const        000000
__LcstackCOMRAM                               cstackCOMRAM 000000
__Ldata                                       data         000000
__LdataBANK0                                  dataBANK0    000000
__LdataBIGRAM                                 dataBIGRAM   000000
__Leeprom_data                                eeprom_data  000000
__Lfarbss                                     farbss       000000
__Lfardata                                    fardata      000000
__Libigdata                                   ibigdata     000000
__Lidata                                      idata        000000
__LidataBANK0                                 idataBANK0   000000
__LidataBIGRAM                                idataBIGRAM  000000
__Lidloc                                      idloc        000000
__Lifardata                                   ifardata     000000
__Linit                                       init         00FFFC
__Lintsave_regs                               intsave_regs 000000
__Lirdata                                     irdata       000000
__Lmediumconst                                mediumconst  000000
__LnvBANK0                                    nvBANK0      000000
__LnvFARRAM                                   nvFARRAM     000000
__Lnvbit                                      nvbit        000000
__Lnvrram                                     nvrram       000000
__Lparam                                      rparam       000000
__Lpowerup                                    powerup      000000
__Lram                                        ram          000000
__Lramtop                                     ramtop       001000
__Lrbit                                       rbit         000000
__Lrbss                                       rbss         000000
__Lrdata                                      rdata        000000
__Lreset_vec                                  reset_vec    000000
__Lrparam                                     rparam       000000
__Lsfr                                        sfr          000000
__Lsmallconst                                 smallconst   001000
__Lspace_0                                    (abs)        000000
__Lspace_1                                    (abs)        000000
__Lspace_2                                    (abs)        000000
__Lspace_4                                    (abs)        000000
__Lstack                                      stack        000000
__Lstruct                                     struct       000000
__Ltemp                                       temp         000000
__Ltext                                       text         000000
__Ltext0                                      text0        000000
__Ltext1                                      text1        000000
__Ltext10                                     text10       000000
__Ltext11                                     text11       000000
__Ltext12                                     text12       000000
__Ltext13                                     text13       000000
__Ltext14                                     text14       000000
__Ltext15                                     text15       000000
__Ltext16                                     text16       000000
__Ltext17                                     text17       000000
__Ltext18                                     text18       000000
__Ltext19                                     text19       000000
__Ltext2                                      text2        000000
__Ltext20                                     text20       000000
__Ltext21                                     text21       000000
__Ltext22                                     text22       000000
__Ltext23                                     text23       000000
__Ltext24                                     text24       000000
__Ltext25                                     text25       000000
__Ltext3                                      text3        000000
__Ltext4                                      text4        000000
__Ltext5                                      text5        000000
__Ltext6                                      text6        000000
__Ltext7                                      text7        000000
__Ltext8                                      text8        000000
__Ltext9                                      text9        000000
__S0                                          (abs)        010000
__S1                                          (abs)        001000
__S2                                          (abs)        000000
__S4                                          (abs)        000000
__S5                                          (abs)        000000
___awdiv                                      text15       002172
___awdiv@counter                              cstackCOMRAM 000012
___awdiv@dividend                             cstackCOMRAM 00000E
___awdiv@divisor                              cstackCOMRAM 000010
___awdiv@quotient                             cstackCOMRAM 000014
___awdiv@sign                                 cstackCOMRAM 000013
___flmul                                      text14       00188A
___flmul@a                                    cstackCOMRAM 000013
___flmul@aexp                                 cstackCOMRAM 000020
___flmul@b                                    cstackCOMRAM 00000F
___flmul@bexp                                 cstackCOMRAM 000021
___flmul@grs                                  cstackCOMRAM 00001C
___flmul@prod                                 cstackCOMRAM 000022
___flmul@sign                                 cstackCOMRAM 00001B
___flmul@temp                                 cstackCOMRAM 000026
___fltol                                      text13       00206C
___fltol@exp1                                 cstackCOMRAM 000031
___fltol@f1                                   cstackCOMRAM 000028
___fltol@sign1                                cstackCOMRAM 000030
___inthi_sp                                   stack        000000
___intlo_sp                                   stack        000000
___lldiv                                      text12       002236
___lldiv@counter                              cstackCOMRAM 00000D
___lldiv@dividend                             cstackCOMRAM 000001
___lldiv@divisor                              cstackCOMRAM 000005
___lldiv@quotient                             cstackCOMRAM 000009
___param_bank                                 (abs)        000000
___rparam_used                                (abs)        000001
___sp                                         stack        000000
___xxtofl                                     text11       001EB8
___xxtofl@arg                                 cstackCOMRAM 00000B
___xxtofl@exp                                 cstackCOMRAM 00000A
___xxtofl@sign                                cstackCOMRAM 000009
___xxtofl@val                                 cstackCOMRAM 000001
__accesstop                                   (abs)        000060
__activetblptr                                (abs)        000003
__end_of_Drive_Read                           text25       00251A
__end_of_HV_Read                              text24       002506
__end_of_OSCILLATOR_Initialize                text23       0024F2
__end_of_PIN_MANAGER_Initialize               text22       00245C
__end_of_PMD_Initialize                       text21       0024C0
__end_of_SYSTEM_Initialize                    text16       00252C
__end_of_THROTTLE_MAP                         smallconst   001021
__end_of_UART1_Initialize                     text17       002342
__end_of_UART1_SetErrorHandler                text20       00254A
__end_of_UART1_SetFramingErrorHandler         text19       002540
__end_of_UART1_SetOverrunErrorHandler         text18       002536
__end_of_UART1_Write                          text3        0024DA
__end_of___awdiv                              text15       002236
__end_of___flmul                              text14       001CD8
__end_of___fltol                              text13       002172
__end_of___lldiv                              text12       0022DA
__end_of___xxtofl                             text11       00206C
__end_of__initialization                      cinit        0023A2
__end_of_getABSMotorRPM                       text10       00256C
__end_of_getAckRx                             text9        002568
__end_of_getCapacitorVoltage                  text8        002564
__end_of_getCurtisHeartBeatCheck              text7        002560
__end_of_getErrorTolerance                    text6        00255C
__end_of_getPedalHigh                         text5        002558
__end_of_getPedalLow                          text4        002554
__end_of_main                                 text0        00188A
__end_of_print                                text1        002404
__end_of_strlen                               text2        00249C
__initialization                              cinit        002342
__mediumconst                                 mediumconst  000000
__pbssBANK0                                   bssBANK0     000060
__pbssCOMRAM                                  bssCOMRAM    000048
__pcinit                                      cinit        002342
__pcstackCOMRAM                               cstackCOMRAM 000001
__pdataBANK0                                  dataBANK0    000076
__pdataBIGRAM                                 dataBIGRAM   000E20
__pidataBANK0                                 idataBANK0   00254A
__pidataBIGRAM                                idataBIGRAM  001CD8
__pnvBANK0                                    nvBANK0      000070
__psmallconst                                 smallconst   001000
__ptext0                                      text0        0010DC
__ptext1                                      text1        0023A8
__ptext10                                     text10       002568
__ptext11                                     text11       001EB8
__ptext12                                     text12       002236
__ptext13                                     text13       00206C
__ptext14                                     text14       00188A
__ptext15                                     text15       002172
__ptext16                                     text16       00251A
__ptext17                                     text17       0022DA
__ptext18                                     text18       00252C
__ptext19                                     text19       002536
__ptext2                                      text2        00245C
__ptext20                                     text20       002540
__ptext21                                     text21       00249C
__ptext22                                     text22       002404
__ptext23                                     text23       0024DA
__ptext24                                     text24       0024F2
__ptext25                                     text25       002506
__ptext3                                      text3        0024C0
__ptext4                                      text4        002550
__ptext5                                      text5        002554
__ptext6                                      text6        002558
__ptext7                                      text7        00255C
__ptext8                                      text8        002560
__ptext9                                      text9        002564
__ramtop                                      ramtop       001000
__size_of_Drive_Read                          (abs)        000000
__size_of_HV_Read                             (abs)        000000
__size_of_OSCILLATOR_Initialize               (abs)        000000
__size_of_PIN_MANAGER_Initialize              (abs)        000000
__size_of_PMD_Initialize                      (abs)        000000
__size_of_SYSTEM_Initialize                   (abs)        000000
__size_of_UART1_Initialize                    (abs)        000000
__size_of_UART1_SetErrorHandler               (abs)        000000
__size_of_UART1_SetFramingErrorHandler        (abs)        000000
__size_of_UART1_SetOverrunErrorHandler        (abs)        000000
__size_of_UART1_Write                         (abs)        000000
__size_of___awdiv                             (abs)        000000
__size_of___flmul                             (abs)        000000
__size_of___fltol                             (abs)        000000
__size_of___lldiv                             (abs)        000000
__size_of___xxtofl                            (abs)        000000
__size_of_getABSMotorRPM                      (abs)        000000
__size_of_getAckRx                            (abs)        000000
__size_of_getCapacitorVoltage                 (abs)        000000
__size_of_getCurtisHeartBeatCheck             (abs)        000000
__size_of_getErrorTolerance                   (abs)        000000
__size_of_getPedalHigh                        (abs)        000000
__size_of_getPedalLow                         (abs)        000000
__size_of_main                                (abs)        000000
__size_of_print                               (abs)        000000
__size_of_strlen                              (abs)        000000
__smallconst                                  smallconst   001000
_bms_status                                   bssCOMRAM    00004C
_charge                                       bssCOMRAM    000057
_curr_voltage                                 bssBANK0     00006A
_firstDrive                                   bssCOMRAM    00004E
_firstHV                                      bssCOMRAM    000050
_firstLV                                      bssCOMRAM    000052
_firstStart                                   bssBANK0     000068
_getABSMotorRPM                               text10       002568
_getAckRx                                     text9        002564
_getCapacitorVoltage                          text8        002560
_getCurtisHeartBeatCheck                      text7        00255C
_getErrorTolerance                            text6        002558
_getPedalHigh                                 text5        002554
_getPedalLow                                  text4        002550
_main                                         text0        0010DC
_pedalOK                                      bssBANK0     000060
_previous_state                               dataBANK0    00007A
_print                                        text1        0023A8
_strlen                                       text2        00245C
_uart1RxLastError                             bssCOMRAM    000054
_voltage                                      bssCOMRAM    000048
end_of_initialization                         cinit        0023A2
intlevel0                                     text         000000
intlevel1                                     text         000000
intlevel2                                     text         000000
intlevel3                                     text         000000
isa$std                                       (abs)        000001
isa$xinst                                     (abs)        000000
main@ABS_Motor_RPM                            cstackCOMRAM 000035
main@ACK                                      cstackCOMRAM 00003B
main@CapacitorVolt                            cstackCOMRAM 00003A
main@DriveTimeCount                           cstackCOMRAM 00003C
main@PrechargingTimeCount                     cstackCOMRAM 000043
main@Throttle_High                            cstackCOMRAM 000036
main@Throttle_Low                             cstackCOMRAM 000037
main@Throttle_Total                           cstackCOMRAM 000040
main@error_state                              cstackCOMRAM 000047
main@faulted                                  cstackCOMRAM 000038
main@state                                    cstackCOMRAM 000042
print@i                                       cstackCOMRAM 000009
print@message                                 cstackCOMRAM 000005
stackhi                                       (abs)        000E1F
stacklo                                       (abs)        00007C
start                                         init         00FFFC
start_initialization                          cinit        002342
strlen@a                                      cstackCOMRAM 000003
strlen@s                                      cstackCOMRAM 000001


MODULE INFORMATION

Module		Function		Class		Link	Load	Size
C:\Program Files\Microchip\xc8\v2.32\pic\sources\c99\common\awdiv.c
		___awdiv       		CODE           	2172	0000	196

C:\Program Files\Microchip\xc8\v2.32\pic\sources\c99\common\awdiv.c estimated size: 196

mcc_generated_files/pin_manager.c
		_PIN_MANAGER_Initialize		CODE           	2404	0000	88

mcc_generated_files/pin_manager.c estimated size: 88

mcc_generated_files/uart1.c
		_UART1_Write   		CODE           	24C0	0000	26
		_UART1_SetFramingErrorHandler		CODE           	2536	0000	10
		_UART1_SetOverrunErrorHandler		CODE           	252C	0000	10
		_UART1_Initialize		CODE           	22DA	0000	104
		_UART1_SetErrorHandler		CODE           	2540	0000	10

mcc_generated_files/uart1.c estimated size: 160

shared
		__initialization		CODE           	2342	0000	96
		_THROTTLE_MAP  		SMALLCONST     	1001	0000	32

shared estimated size: 128

C:\Program Files\Microchip\xc8\v2.32\pic\sources\c99\common\sprcmul.c
		___flmul       		CODE           	188A	0000	1102

C:\Program Files\Microchip\xc8\v2.32\pic\sources\c99\common\sprcmul.c estimated size: 1102

mcc_generated_files/mcc.c
		_PMD_Initialize		CODE           	249C	0000	36
		_OSCILLATOR_Initialize		CODE           	24DA	0000	24
		_SYSTEM_Initialize		CODE           	251A	0000	18

mcc_generated_files/mcc.c estimated size: 78

C:\Program Files\Microchip\xc8\v2.32\pic\sources\c99\common\fltol.c
		___fltol       		CODE           	206C	0000	262

C:\Program Files\Microchip\xc8\v2.32\pic\sources\c99\common\fltol.c estimated size: 262

C:\Program Files\Microchip\xc8\v2.32\pic\sources\c99\common\xxtofl.c
		___xxtofl      		CODE           	1EB8	0000	436

C:\Program Files\Microchip\xc8\v2.32\pic\sources\c99\common\xxtofl.c estimated size: 436

C:\Program Files\Microchip\xc8\v2.32\pic\sources\c99\common\__lldiv.c
		___lldiv       		CODE           	2236	0000	164

C:\Program Files\Microchip\xc8\v2.32\pic\sources\c99\common\__lldiv.c estimated size: 164

main.c
		_getABSMotorRPM		CODE           	2568	0000	4
		_getAckRx      		CODE           	2564	0000	4
		_main          		CODE           	10DC	0000	1966
		_HV_Read       		CODE           	24F2	0000	20
		_Drive_Read    		CODE           	2506	0000	20
		_getErrorTolerance		CODE           	2558	0000	4
		_print         		CODE           	23A8	0000	92
		_getCurtisHeartBeatCheck		CODE           	255C	0000	4
		_getPedalLow   		CODE           	2550	0000	4
		_getPedalHigh  		CODE           	2554	0000	4
		_getCapacitorVoltage		CODE           	2560	0000	4

main.c estimated size: 2126

C:\Program Files\Microchip\xc8\v2.32\pic\sources\c99\common\strlen.c
		_strlen        		CODE           	245C	0000	64

C:\Program Files\Microchip\xc8\v2.32\pic\sources\c99\common\strlen.c estimated size: 64

